QA output created by 127
Formatting 'TEST_DIR/t.IMGFMT', fmt=IMGFMT size=65536
Formatting 'TEST_DIR/t.IMGFMT.overlay0', fmt=IMGFMT size=65536 backing_file=TEST_DIR/t.IMGFMT
Formatting 'TEST_DIR/t.IMGFMT.overlay1', fmt=IMGFMT size=65536 backing_file=TEST_DIR/t.IMGFMT
wrote 42/42 bytes at offset 0
42 bytes, X ops; XX:XX:XX.X (XXX YYY/sec and XXX ops/sec)
{"return": {}}
{"return": {}}
{"timestamp": {"seconds":  TIMESTAMP, "microseconds":  TIMESTAMP}, "event": "BLOCK_JOB_READY", "data": {"device": "mirror", "len": 65536, "offset": 65536, "speed": 0, "type": "mirror"}}
{"return": {}}
{"timestamp": {"seconds":  TIMESTAMP, "microseconds":  TIMESTAMP}, "event": "BLOCK_JOB_COMPLETED", "data": {"device": "mirror", "len": 65536, "offset": 65536, "speed": 0, "type": "mirror"}}
{"return": {}}
{"timestamp": {"seconds":  TIMESTAMP, "microseconds":  TIMESTAMP}, "event": "SHUTDOWN", "data": {"guest": false}}
*** done
